[www.speakforindiadelhi.com/speaker.html]
[backblue.gif]
[fade.gif]
[index.html]
[www.speakforindiadelhi.com/assets/css/bootstrap.min.css]
[www.speakforindiadelhi.com/assets/css/manuald3cb.css]
[www.speakforindiadelhi.com/assets/css/animate.css]
[www.speakforindiadelhi.com/assets/css/owlcarousel/owl.carousel.min.css]
[www.speakforindiadelhi.com/assets/css/owlcarousel/owl.theme.default.min.css]
[www.speakforindiadelhi.com/assets/css/bootstrap-responsive.min.css]
[maxcdn.bootstrapcdn.com/font-awesome/4.5.0/css/font-awesome.min.css]
[www.speakforindiadelhi.com/assets/css/css-fontello/animation.css]
[www.speakforindiadelhi.com/assets/css/css-fontello/fontello.css]
[www.speakforindiadelhi.com/assets/css/css-fontello/fontello-codes.css]
[www.speakforindiadelhi.com/assets/css/css-fontello/fontello-embedded.css]
[www.speakforindiadelhi.com/assets/css/css-fontello/fontello-ie7.css]
[www.speakforindiadelhi.com/assets/css/css-fontello/fontello-ie7-codes.css]
[www.speakforindiadelhi.com/venue.html]
[www.speakforindiadelhi.com/assets/images/about-banner.jpg]
[www.google-analytics.com/analytics.js]
[connect.facebook.net/en_US/fbevents.js]
[analytics.htmedia.in/analytics-js/htil-analytics.js]
[www.speakforindiadelhi.com/about-us.html]
[www.speakforindiadelhi.com/assets/images/ranu.jpg]
[platform-api.sharethis.com/js/sharethis.js]
[www.speakforindiadelhi.com/assets/images/manya-arora.jpg]
[www.speakforindiadelhi.com/assets/images/bharath.jpg]
[www.speakforindiadelhi.com/assets/images/Laiba.jpg]
[www.speakforindiadelhi.com/assets/images/manawwar-hussain.jpg]
[www.speakforindiadelhi.com/assets/images/priyanshi.jpg]
[www.speakforindiadelhi.com/assets/images/vinayak.jpg]
[www.speakforindiadelhi.com/assets/images/sushovan.jpg]
[www.speakforindiadelhi.com/result.html]
[code.jquery.com/jquery-3.2.1.min.js]
[www.speakforindiadelhi.com/assets/js/jquery.spincrement.js]
[www.speakforindiadelhi.com/assets/js/bootstrap.min.js]
[www.speakforindiadelhi.com/assets/js/myScript.js]
[www.speakforindiadelhi.com/speaker.html]
[www.speakforindiadelhi.com/assets/fonts/glyphicons-halflings-regular.eot]
[www.speakforindiadelhi.com/assets/fonts/glyphicons-halflings-regular.woff]
[www.speakforindiadelhi.com/assets/fonts/glyphicons-halflings-regulard41d.eot]
[www.speakforindiadelhi.com/assets/fonts/glyphicons-halflings-regular.ttf]
[www.speakforindiadelhi.com/assets/css/bootstrap.min.css]
[www.speakforindiadelhi.com/assets/fonts/Cutie-Patootie/Cutie-Patootie.ttf]
[www.speakforindiadelhi.com/assets/images/wave-lines.png]
[www.speakforindiadelhi.com/assets/images/banner-result.jpg]
[www.speakforindiadelhi.com/assets/images/940.jpg]
[www.speakforindiadelhi.com/assets/images/watch-video.jpg]
[www.speakforindiadelhi.com/assets/images/cast-btn.jpg]
[www.speakforindiadelhi.com/assets/images/smile-2.png]
[www.speakforindiadelhi.com/assets/css/manuald3cb.css]
[www.speakforindiadelhi.com/assets/css/animate.css]
[www.speakforindiadelhi.com/assets/css/owlcarousel/owl.carousel.min.css]
[www.speakforindiadelhi.com/assets/css/owlcarousel/owl.theme.default.min.css]
[www.speakforindiadelhi.com/assets/css/bootstrap-responsive.min.css]
[maxcdn.bootstrapcdn.com/font-awesome/4.5.0/css/font-awesome.min.css]
[www.speakforindiadelhi.com/assets/css/css-fontello/animation.css]
[www.speakforindiadelhi.com/assets/css/css-fontello/fontello.css]
[www.speakforindiadelhi.com/assets/css/css-fontello/fontello-codes.css]
[www.speakforindiadelhi.com/assets/css/css-fontello/fontello-embedded.css]
[www.speakforindiadelhi.com/assets/css/css-fontello/fontello-ie7.css]
[www.speakforindiadelhi.com/assets/css/css-fontello/fontello-ie7-codes.css]
[www.speakforindiadelhi.com/assets/css/manualb830.css]
[www.speakforindiadelhi.com/assets/images/lg2.png]
[www.speakforindiadelhi.com/assets/images/lg1.png]
[www.speakforindiadelhi.com/assets/images/footer-hindustantimes.png]
[www.speakforindiadelhi.com/assets/images/lh-logo.png]
[www.speakforindiadelhi.com/venue.html]
[connect.facebook.net/en_US/fbevents.js]
[analytics.htmedia.in/analytics-js/htil-analytics.js]
[www.speakforindiadelhi.com/assets/js/owl.carousel.min.js]
[www.speakforindiadelhi.com/index.html]
[www.speakforindiadelhi.com/index-2.html]
[www.speakforindiadelhi.com/assets/images/abtlogo.jpg]
[www.speakforindiadelhi.com/assets/images/quote.png]
[www.speakforindiadelhi.com/assets/images/josh.jpg]
[www.speakforindiadelhi.com/about-us.html]
[www.speakforindiadelhi.com/result.html]
[www.speakforindiadelhi.com/saveVote.html]
[www.speakforindiadelhi.com/assets/fonts/glyphicons-halflings-regular.html]
[www.speakforindiadelhi.com/assets/fonts/glyphicons-halflings-regular.svg]
[www.speakforindiadelhi.com/assets/css/fonts/font-fontello/fontello.html]
[www.speakforindiadelhi.com/assets/css/fonts/font-fontello/fontello-2.html]
[www.speakforindiadelhi.com/assets/css/fonts/font-fontello/fontello-3.html]
[www.speakforindiadelhi.com/assets/css/fonts/font-fontello/fontello-4.html]
[www.speakforindiadelhi.com/assets/css/owlcarousel/owl.video.play.html]
[www.speakforindiadelhi.com/assets/css/font/fontellobb3b.html]
[www.speakforindiadelhi.com/assets/css/font/fontellobb3b-2.html]
[www.speakforindiadelhi.com/assets/css/font/fontellobb3b-3.html]
[www.speakforindiadelhi.com/assets/css/font/fontellobb3b-4.html]
[www.speakforindiadelhi.com/assets/css/font/fontellobb3b-5.html]
[www.speakforindiadelhi.com/assets/css/font/fontellob0ab.html]
[www.speakforindiadelhi.com/assets/css/font/fontellob0ab-2.html]
[www.speakforindiadelhi.com/assets/css/manualb830.css]
[www.speakforindiadelhi.com/POST.html]
[www.speakforindiadelhi.com/ABCDEFGHIJKLMNOPQRSTUVWXYZabcdefghijklmnopqrstuvwxyz0123456789+/index.html]
[www.speakforindiadelhi.com/GET.html]
[www.speakforindiadelhi.com/assets/images/banner1.jpg]
[www.speakforindiadelhi.com/assets/images/speak.jpg]
[www.speakforindiadelhi.com/assets/js/scrollBar.js]
[www.speakforindiadelhi.com/index-2.html]
